D:\Project\Springboot\dashBoard\src\main\java\com\avi\dashBoard\controller\CustomErrorController.java
D:\Project\Springboot\dashBoard\src\main\java\com\avi\dashBoard\controller\HelloController.java
D:\Project\Springboot\dashBoard\src\main\java\com\avi\dashBoard\controller\RegisterControler.java
D:\Project\Springboot\dashBoard\src\main\java\com\avi\dashBoard\controller\SessionInterceptor.java
D:\Project\Springboot\dashBoard\src\main\java\com\avi\dashBoard\DashBoardApplication.java
D:\Project\Springboot\dashBoard\src\main\java\com\avi\dashBoard\entity\User.java
D:\Project\Springboot\dashBoard\src\main\java\com\avi\dashBoard\repository\UserRepository.java
D:\Project\Springboot\dashBoard\src\main\java\com\avi\dashBoard\repository\UserSessionRepository.java
D:\Project\Springboot\dashBoard\src\main\java\com\avi\dashBoard\security\GlobalExceptionHandler.java
D:\Project\Springboot\dashBoard\src\main\java\com\avi\dashBoard\security\SecurityConfig.java
D:\Project\Springboot\dashBoard\src\main\java\com\avi\dashBoard\security\SessionValidationFilter.java
D:\Project\Springboot\dashBoard\src\main\java\com\avi\dashBoard\service\SessionService.java
D:\Project\Springboot\dashBoard\src\main\java\com\avi\dashBoard\service\UserService.java
D:\Project\Springboot\dashBoard\src\main\java\com\avi\dashBoard\WebConfig.java
D:\Project\Springboot\dashBoard\src\main\java\com\dashboard\avi\main\SpringBootThymeleafViewExampleApplication.java
D:\Project\Springboot\dashBoard\src\main\java\HttpTraceTestWithSSLBypass.java
